// Jest Snapshot v1, https://goo.gl/fbAQLP

exports[`propTypes UI should render dom.Text 1`] = `
Array [
  <span
    style={
      Object {
        "marginLeft": 2,
        "marginRight": 2,
      }
    }
  >
    <input
      autoComplete="off"
      name="font"
      onChange={[Function]}
      onFocus={[Function]}
      onKeyDown={[Function]}
      placeholder="fonts"
      style={
        Object {
          "border": "1px solid lightgray",
          "height": 24,
          "lineHeight": "24px",
          "margin": "5px 2px 0 0",
          "outline": "none",
          "padding": "0 2px",
        }
      }
      title="fonts"
      value=""
    />
  </span>,
  <span
    style={
      Object {
        "display": "inline-block",
        "position": "relative",
      }
    }
  >
    <input
      onBlur={[Function]}
      onChange={[Function]}
      onKeyDown={[Function]}
      placeholder="size"
      title="size"
      type="text"
      value=""
    />
    <svg
      style={
        Object {
          "position": "absolute",
          "right": 2,
          "width": 8,
        }
      }
      viewBox="0 0 8 24"
    >
      <path
        d="M1 8L4 4L7 8Z"
        onClick={[Function]}
        stroke="black"
      />
      <path
        d="M1 12L4 16L7 12Z"
        onClick={[Function]}
        stroke="black"
      />
    </svg>
  </span>,
  <span
    style={
      Object {
        "whiteSpace": "nowrap",
      }
    }
  >
    <button
      disabled={false}
      onBlur={[Function]}
      onClick={[Function]}
      onFocus={[Function]}
      onKeyDown={[Function]}
      onKeyUp={[Function]}
      onMouseEnter={[Function]}
      onMouseLeave={[Function]}
      onMouseOut={[Function]}
      onTouchStart={[Function]}
      style={
        Object {
          "WebkitTapHighlightColor": "rgba(0, 0, 0, 0)",
          "background": "none",
          "border": 10,
          "boxSizing": "border-box",
          "cursor": "pointer",
          "display": "inline-block",
          "fontFamily": "Roboto, sans-serif",
          "fontSize": 0,
          "fontWeight": "inherit",
          "height": 48,
          "margin": 0,
          "muiPrepared": true,
          "outline": "none",
          "overflow": "visible",
          "padding": 12,
          "position": "relative",
          "textDecoration": "none",
          "transition": "all 450ms cubic-bezier(0.23, 1, 0.32, 1) 0ms",
          "verticalAlign": null,
          "width": 48,
        }
      }
      tabIndex={0}
      type="button"
    >
      <div
        onMouseDown={[Function]}
        onMouseLeave={[Function]}
        onMouseUp={[Function]}
        onTouchEnd={[Function]}
        onTouchStart={[Function]}
      >
        <svg
          onMouseEnter={[Function]}
          onMouseLeave={[Function]}
          style={
            Object {
              "color": "rgba(0, 0, 0, 0.87)",
              "display": "inline-block",
              "fill": "currentColor",
              "height": 24,
              "muiPrepared": true,
              "transition": "all 450ms cubic-bezier(0.23, 1, 0.32, 1) 0ms",
              "userSelect": "none",
              "width": 24,
            }
          }
          viewBox="0 0 24 24"
        >
          <svg
            onMouseEnter={[Function]}
            onMouseLeave={[Function]}
            style={
              Object {
                "color": "rgba(0, 0, 0, 0.87)",
                "display": "inline-block",
                "fill": "currentColor",
                "height": 24,
                "muiPrepared": true,
                "transition": "all 450ms cubic-bezier(0.23, 1, 0.32, 1) 0ms",
                "userSelect": "none",
                "width": 24,
              }
            }
            viewBox="0 0 24 24"
          >
            <path
              d="M16.56 8.94L7.62 0 6.21 1.41l2.38 2.38-5.15 5.15c-.59.59-.59 1.54 0 2.12l5.5 5.5c.29.29.68.44 1.06.44s.77-.15 1.06-.44l5.5-5.5c.59-.58.59-1.53 0-2.12zM5.21 10L10 5.21 14.79 10H5.21zM19 11.5s-2 2.17-2 3.5c0 1.1.9 2 2 2s2-.9 2-2c0-1.33-2-3.5-2-3.5z"
            />
            <path
              d="M0 20h24v4H0z"
              fillOpacity=".36"
            />
          </svg>
          <path
            d="M0 20h24v4H0z"
            fill="none"
          />
        </svg>
      </div>
    </button>
    <svg
      onClick={[Function]}
      onMouseEnter={[Function]}
      onMouseLeave={[Function]}
      style={
        Object {
          "color": "rgba(0, 0, 0, 0.87)",
          "display": "inline-block",
          "fill": "currentColor",
          "height": 24,
          "muiPrepared": true,
          "transition": "all 450ms cubic-bezier(0.23, 1, 0.32, 1) 0ms",
          "userSelect": "none",
          "width": 6,
        }
      }
      viewBox="6 -12 18 36"
    >
      <path
        d="M7 10l5 5 5-5z"
      />
    </svg>
  </span>,
  <button
    disabled={false}
    onBlur={[Function]}
    onChange={[Function]}
    onClick={[Function]}
    onFocus={[Function]}
    onKeyDown={[Function]}
    onKeyUp={[Function]}
    onMouseEnter={[Function]}
    onMouseLeave={[Function]}
    onMouseOut={[Function]}
    onTouchStart={[Function]}
    path="bold"
    style={
      Object {
        "WebkitTapHighlightColor": "rgba(0, 0, 0, 0)",
        "background": "none",
        "border": 10,
        "boxSizing": "border-box",
        "cursor": "pointer",
        "display": "inline-block",
        "fontFamily": "Roboto, sans-serif",
        "fontSize": 0,
        "fontWeight": "inherit",
        "height": 48,
        "margin": 0,
        "muiPrepared": true,
        "outline": "none",
        "overflow": "visible",
        "padding": 12,
        "position": "relative",
        "textDecoration": "none",
        "transition": "all 450ms cubic-bezier(0.23, 1, 0.32, 1) 0ms",
        "verticalAlign": null,
        "width": 48,
      }
    }
    tabIndex={0}
    type="button"
  >
    <div
      onMouseDown={[Function]}
      onMouseLeave={[Function]}
      onMouseUp={[Function]}
      onTouchEnd={[Function]}
      onTouchStart={[Function]}
    >
      <span />
      <svg
        onMouseEnter={[Function]}
        onMouseLeave={[Function]}
        style={
          Object {
            "color": "rgba(0, 0, 0, 0.87)",
            "display": "inline-block",
            "fill": "currentColor",
            "height": 24,
            "muiPrepared": true,
            "transition": "all 450ms cubic-bezier(0.23, 1, 0.32, 1) 0ms",
            "userSelect": "none",
            "width": 24,
          }
        }
        viewBox="0 0 24 24"
      >
        <path
          d="M15.6 10.79c.97-.67 1.65-1.77 1.65-2.79 0-2.26-1.75-4-4-4H7v14h7.04c2.09 0 3.71-1.7 3.71-3.79 0-1.52-.86-2.82-2.15-3.42zM10 6.5h3c.83 0 1.5.67 1.5 1.5s-.67 1.5-1.5 1.5h-3v-3zm3.5 9H10v-3h3.5c.83 0 1.5.67 1.5 1.5s-.67 1.5-1.5 1.5z"
        />
      </svg>
    </div>
  </button>,
  <button
    disabled={false}
    onBlur={[Function]}
    onChange={[Function]}
    onClick={[Function]}
    onFocus={[Function]}
    onKeyDown={[Function]}
    onKeyUp={[Function]}
    onMouseEnter={[Function]}
    onMouseLeave={[Function]}
    onMouseOut={[Function]}
    onTouchStart={[Function]}
    path="italic"
    style={
      Object {
        "WebkitTapHighlightColor": "rgba(0, 0, 0, 0)",
        "background": "none",
        "border": 10,
        "boxSizing": "border-box",
        "cursor": "pointer",
        "display": "inline-block",
        "fontFamily": "Roboto, sans-serif",
        "fontSize": 0,
        "fontWeight": "inherit",
        "height": 48,
        "margin": 0,
        "muiPrepared": true,
        "outline": "none",
        "overflow": "visible",
        "padding": 12,
        "position": "relative",
        "textDecoration": "none",
        "transition": "all 450ms cubic-bezier(0.23, 1, 0.32, 1) 0ms",
        "verticalAlign": null,
        "width": 48,
      }
    }
    tabIndex={0}
    type="button"
  >
    <div
      onMouseDown={[Function]}
      onMouseLeave={[Function]}
      onMouseUp={[Function]}
      onTouchEnd={[Function]}
      onTouchStart={[Function]}
    >
      <span />
      <svg
        onMouseEnter={[Function]}
        onMouseLeave={[Function]}
        style={
          Object {
            "color": "rgba(0, 0, 0, 0.87)",
            "display": "inline-block",
            "fill": "currentColor",
            "height": 24,
            "muiPrepared": true,
            "transition": "all 450ms cubic-bezier(0.23, 1, 0.32, 1) 0ms",
            "userSelect": "none",
            "width": 24,
          }
        }
        viewBox="0 0 24 24"
      >
        <path
          d="M10 4v3h2.21l-3.42 8H6v3h8v-3h-2.21l3.42-8H18V4z"
        />
      </svg>
    </div>
  </button>,
  <button
    disabled={false}
    onBlur={[Function]}
    onChange={[Function]}
    onClick={[Function]}
    onFocus={[Function]}
    onKeyDown={[Function]}
    onKeyUp={[Function]}
    onMouseEnter={[Function]}
    onMouseLeave={[Function]}
    onMouseOut={[Function]}
    onTouchStart={[Function]}
    path="vanish"
    style={
      Object {
        "WebkitTapHighlightColor": "rgba(0, 0, 0, 0)",
        "background": "none",
        "border": 10,
        "boxSizing": "border-box",
        "cursor": "pointer",
        "display": "inline-block",
        "fontFamily": "Roboto, sans-serif",
        "fontSize": 0,
        "fontWeight": "inherit",
        "height": 48,
        "margin": 0,
        "muiPrepared": true,
        "outline": "none",
        "overflow": "visible",
        "padding": 12,
        "position": "relative",
        "textDecoration": "none",
        "transition": "all 450ms cubic-bezier(0.23, 1, 0.32, 1) 0ms",
        "verticalAlign": null,
        "width": 48,
      }
    }
    tabIndex={0}
    type="button"
  >
    <div
      onMouseDown={[Function]}
      onMouseLeave={[Function]}
      onMouseUp={[Function]}
      onTouchEnd={[Function]}
      onTouchStart={[Function]}
    >
      <span />
      <svg
        onMouseEnter={[Function]}
        onMouseLeave={[Function]}
        style={
          Object {
            "color": "rgba(0, 0, 0, 0.87)",
            "display": "inline-block",
            "fill": "currentColor",
            "height": 24,
            "muiPrepared": true,
            "transition": "all 450ms cubic-bezier(0.23, 1, 0.32, 1) 0ms",
            "userSelect": "none",
            "width": 24,
          }
        }
        viewBox="0 0 24 24"
      >
        <path
          d="M3.27 5L2 6.27l6.97 6.97L6.5 19h3l1.57-3.66L16.73 21 18 19.73 3.55 5.27 3.27 5zM6 5v.18L8.82 8h2.4l-.72 1.68 2.1 2.1L14.21 8H20V5H6z"
        />
      </svg>
    </div>
  </button>,
  <span
    style={
      Object {
        "whiteSpace": "nowrap",
      }
    }
  >
    <button
      disabled={false}
      onBlur={[Function]}
      onClick={[Function]}
      onFocus={[Function]}
      onKeyDown={[Function]}
      onKeyUp={[Function]}
      onMouseEnter={[Function]}
      onMouseLeave={[Function]}
      onMouseOut={[Function]}
      onTouchStart={[Function]}
      style={
        Object {
          "WebkitTapHighlightColor": "rgba(0, 0, 0, 0)",
          "background": "none",
          "border": 10,
          "boxSizing": "border-box",
          "cursor": "pointer",
          "display": "inline-block",
          "fontFamily": "Roboto, sans-serif",
          "fontSize": 0,
          "fontWeight": "inherit",
          "height": 48,
          "margin": 0,
          "muiPrepared": true,
          "outline": "none",
          "overflow": "visible",
          "padding": 12,
          "position": "relative",
          "textDecoration": "none",
          "transition": "all 450ms cubic-bezier(0.23, 1, 0.32, 1) 0ms",
          "verticalAlign": null,
          "width": 48,
        }
      }
      tabIndex={0}
      type="button"
    >
      <div
        onMouseDown={[Function]}
        onMouseLeave={[Function]}
        onMouseUp={[Function]}
        onTouchEnd={[Function]}
        onTouchStart={[Function]}
      >
        <svg
          onMouseEnter={[Function]}
          onMouseLeave={[Function]}
          style={
            Object {
              "color": "rgba(0, 0, 0, 0.87)",
              "display": "inline-block",
              "fill": "currentColor",
              "height": 24,
              "muiPrepared": true,
              "transition": "all 450ms cubic-bezier(0.23, 1, 0.32, 1) 0ms",
              "userSelect": "none",
              "width": 24,
            }
          }
          viewBox="0 0 24 24"
        >
          <svg
            onMouseEnter={[Function]}
            onMouseLeave={[Function]}
            style={
              Object {
                "color": "rgba(0, 0, 0, 0.87)",
                "display": "inline-block",
                "fill": "currentColor",
                "height": 24,
                "muiPrepared": true,
                "transition": "all 450ms cubic-bezier(0.23, 1, 0.32, 1) 0ms",
                "userSelect": "none",
                "width": 24,
              }
            }
            viewBox="0 0 24 24"
          >
            <path
              d="M16.56 8.94L7.62 0 6.21 1.41l2.38 2.38-5.15 5.15c-.59.59-.59 1.54 0 2.12l5.5 5.5c.29.29.68.44 1.06.44s.77-.15 1.06-.44l5.5-5.5c.59-.58.59-1.53 0-2.12zM5.21 10L10 5.21 14.79 10H5.21zM19 11.5s-2 2.17-2 3.5c0 1.1.9 2 2 2s2-.9 2-2c0-1.33-2-3.5-2-3.5z"
            />
            <path
              d="M0 20h24v4H0z"
              fillOpacity=".36"
            />
          </svg>
          <path
            d="M0 20h24v4H0z"
            fill="none"
          />
        </svg>
      </div>
    </button>
    <svg
      onClick={[Function]}
      onMouseEnter={[Function]}
      onMouseLeave={[Function]}
      style={
        Object {
          "color": "rgba(0, 0, 0, 0.87)",
          "display": "inline-block",
          "fill": "currentColor",
          "height": 24,
          "muiPrepared": true,
          "transition": "all 450ms cubic-bezier(0.23, 1, 0.32, 1) 0ms",
          "userSelect": "none",
          "width": 6,
        }
      }
      viewBox="6 -12 18 36"
    >
      <path
        d="M7 10l5 5 5-5z"
      />
    </svg>
  </span>,
  <button
    disabled={false}
    onBlur={[Function]}
    onChange={[Function]}
    onClick={[Function]}
    onFocus={[Function]}
    onKeyDown={[Function]}
    onKeyUp={[Function]}
    onMouseEnter={[Function]}
    onMouseLeave={[Function]}
    onMouseOut={[Function]}
    onTouchStart={[Function]}
    path="border"
    style={
      Object {
        "WebkitTapHighlightColor": "rgba(0, 0, 0, 0)",
        "background": "none",
        "border": 10,
        "boxSizing": "border-box",
        "cursor": "pointer",
        "display": "inline-block",
        "fontFamily": "Roboto, sans-serif",
        "fontSize": 0,
        "fontWeight": "inherit",
        "height": 48,
        "margin": 0,
        "muiPrepared": true,
        "outline": "none",
        "overflow": "visible",
        "padding": 12,
        "position": "relative",
        "textDecoration": "none",
        "transition": "all 450ms cubic-bezier(0.23, 1, 0.32, 1) 0ms",
        "verticalAlign": null,
        "width": 48,
      }
    }
    tabIndex={0}
    type="button"
  >
    <div
      onMouseDown={[Function]}
      onMouseLeave={[Function]}
      onMouseUp={[Function]}
      onTouchEnd={[Function]}
      onTouchStart={[Function]}
    >
      <span />
      <svg
        onMouseEnter={[Function]}
        onMouseLeave={[Function]}
        style={
          Object {
            "color": "rgba(0, 0, 0, 0.87)",
            "display": "inline-block",
            "fill": "currentColor",
            "height": 24,
            "muiPrepared": true,
            "transition": "all 450ms cubic-bezier(0.23, 1, 0.32, 1) 0ms",
            "userSelect": "none",
            "width": 24,
          }
        }
        viewBox="0 0 24 24"
      >
        <g
          transform="translate(0 2)"
        >
          <path
            d="M5 17m4.5-4.2h5l.9 2.2h2.1L12.75 4h-1.5L6.5 15h2.1l.9-2.2zM12 5.98L13.87 11h-3.74L12 5.98z"
          />
        </g>
        <path
          d="M2 2 h20v20h-20z"
          fill="none"
          stroke="black"
        />
      </svg>
    </div>
  </button>,
  <button
    disabled={false}
    onBlur={[Function]}
    onChange={[Function]}
    onClick={[Function]}
    onFocus={[Function]}
    onKeyDown={[Function]}
    onKeyUp={[Function]}
    onMouseEnter={[Function]}
    onMouseLeave={[Function]}
    onMouseOut={[Function]}
    onTouchStart={[Function]}
    path="underline"
    style={
      Object {
        "WebkitTapHighlightColor": "rgba(0, 0, 0, 0)",
        "background": "none",
        "border": 10,
        "boxSizing": "border-box",
        "cursor": "pointer",
        "display": "inline-block",
        "fontFamily": "Roboto, sans-serif",
        "fontSize": 0,
        "fontWeight": "inherit",
        "height": 48,
        "margin": 0,
        "muiPrepared": true,
        "outline": "none",
        "overflow": "visible",
        "padding": 12,
        "position": "relative",
        "textDecoration": "none",
        "transition": "all 450ms cubic-bezier(0.23, 1, 0.32, 1) 0ms",
        "verticalAlign": null,
        "width": 48,
      }
    }
    tabIndex={0}
    type="button"
  >
    <div
      onMouseDown={[Function]}
      onMouseLeave={[Function]}
      onMouseUp={[Function]}
      onTouchEnd={[Function]}
      onTouchStart={[Function]}
    >
      <span />
      <svg
        onMouseEnter={[Function]}
        onMouseLeave={[Function]}
        style={
          Object {
            "color": "rgba(0, 0, 0, 0.87)",
            "display": "inline-block",
            "fill": "currentColor",
            "height": 24,
            "muiPrepared": true,
            "transition": "all 450ms cubic-bezier(0.23, 1, 0.32, 1) 0ms",
            "userSelect": "none",
            "width": 24,
          }
        }
        viewBox="0 0 24 24"
      >
        <path
          d="M12 17c3.31 0 6-2.69 6-6V3h-2.5v8c0 1.93-1.57 3.5-3.5 3.5S8.5 12.93 8.5 11V3H6v8c0 3.31 2.69 6 6 6zm-7 2v2h14v-2H5z"
        />
      </svg>
    </div>
  </button>,
  <button
    disabled={false}
    onBlur={[Function]}
    onChange={[Function]}
    onClick={[Function]}
    onFocus={[Function]}
    onKeyDown={[Function]}
    onKeyUp={[Function]}
    onMouseEnter={[Function]}
    onMouseLeave={[Function]}
    onMouseOut={[Function]}
    onTouchStart={[Function]}
    path="strike"
    style={
      Object {
        "WebkitTapHighlightColor": "rgba(0, 0, 0, 0)",
        "background": "none",
        "border": 10,
        "boxSizing": "border-box",
        "cursor": "pointer",
        "display": "inline-block",
        "fontFamily": "Roboto, sans-serif",
        "fontSize": 0,
        "fontWeight": "inherit",
        "height": 48,
        "margin": 0,
        "muiPrepared": true,
        "outline": "none",
        "overflow": "visible",
        "padding": 12,
        "position": "relative",
        "textDecoration": "none",
        "transition": "all 450ms cubic-bezier(0.23, 1, 0.32, 1) 0ms",
        "verticalAlign": null,
        "width": 48,
      }
    }
    tabIndex={0}
    type="button"
  >
    <div
      onMouseDown={[Function]}
      onMouseLeave={[Function]}
      onMouseUp={[Function]}
      onTouchEnd={[Function]}
      onTouchStart={[Function]}
    >
      <span />
      <svg
        onMouseEnter={[Function]}
        onMouseLeave={[Function]}
        style={
          Object {
            "color": "rgba(0, 0, 0, 0.87)",
            "display": "inline-block",
            "fill": "currentColor",
            "height": 24,
            "muiPrepared": true,
            "transition": "all 450ms cubic-bezier(0.23, 1, 0.32, 1) 0ms",
            "userSelect": "none",
            "width": 24,
          }
        }
        viewBox="0 0 24 24"
      >
        <path
          d="M7.24 8.75c-.26-.48-.39-1.03-.39-1.67 0-.61.13-1.16.4-1.67.26-.5.63-.93 1.11-1.29.48-.35 1.05-.63 1.7-.83.66-.19 1.39-.29 2.18-.29.81 0 1.54.11 2.21.34.66.22 1.23.54 1.69.94.47.4.83.88 1.08 1.43.25.55.38 1.15.38 1.81h-3.01c0-.31-.05-.59-.15-.85-.09-.27-.24-.49-.44-.68-.2-.19-.45-.33-.75-.44-.3-.1-.66-.16-1.06-.16-.39 0-.74.04-1.03.13-.29.09-.53.21-.72.36-.19.16-.34.34-.44.55-.1.21-.15.43-.15.66 0 .48.25.88.74 1.21.38.25.77.48 1.41.7H7.39c-.05-.08-.11-.17-.15-.25zM21 12v-2H3v2h9.62c.18.07.4.14.55.2.37.17.66.34.87.51.21.17.35.36.43.57.07.2.11.43.11.69 0 .23-.05.45-.14.66-.09.2-.23.38-.42.53-.19.15-.42.26-.71.35-.29.08-.63.13-1.01.13-.43 0-.83-.04-1.18-.13s-.66-.23-.91-.42c-.25-.19-.45-.44-.59-.75-.14-.31-.25-.76-.25-1.21H6.4c0 .55.08 1.13.24 1.58.16.45.37.85.65 1.21.28.35.6.66.98.92.37.26.78.48 1.22.65.44.17.9.3 1.38.39.48.08.96.13 1.44.13.8 0 1.53-.09 2.18-.28s1.21-.45 1.67-.79c.46-.34.82-.77 1.07-1.27s.38-1.07.38-1.71c0-.6-.1-1.14-.31-1.61-.05-.11-.11-.23-.17-.33H21z"
        />
      </svg>
    </div>
  </button>,
  <span
    style={
      Object {
        "display": "inline-block",
        "position": "relative",
      }
    }
  >
    <input
      onBlur={[Function]}
      onChange={[Function]}
      onKeyDown={[Function]}
      placeholder="horizontal"
      title="horizontal"
      type="text"
      value=""
    />
    <svg
      style={
        Object {
          "position": "absolute",
          "right": 2,
          "width": 8,
        }
      }
      viewBox="0 0 8 24"
    >
      <path
        d="M1 8L4 4L7 8Z"
        onClick={[Function]}
        stroke="black"
      />
      <path
        d="M1 12L4 16L7 12Z"
        onClick={[Function]}
        stroke="black"
      />
    </svg>
  </span>,
  <span
    style={
      Object {
        "display": "inline-block",
        "position": "relative",
      }
    }
  >
    <input
      onBlur={[Function]}
      onChange={[Function]}
      onKeyDown={[Function]}
      placeholder="vertical"
      title="vertical"
      type="text"
      value=""
    />
    <svg
      style={
        Object {
          "position": "absolute",
          "right": 2,
          "width": 8,
        }
      }
      viewBox="0 0 8 24"
    >
      <path
        d="M1 8L4 4L7 8Z"
        onClick={[Function]}
        stroke="black"
      />
      <path
        d="M1 12L4 16L7 12Z"
        onClick={[Function]}
        stroke="black"
      />
    </svg>
  </span>,
  <span
    style={
      Object {
        "display": "inline-block",
        "position": "relative",
      }
    }
  >
    <input
      onBlur={[Function]}
      onChange={[Function]}
      onKeyDown={[Function]}
      placeholder="spacing"
      title="spacing"
      type="text"
      value=""
    />
    <svg
      style={
        Object {
          "position": "absolute",
          "right": 2,
          "width": 8,
        }
      }
      viewBox="0 0 8 24"
    >
      <path
        d="M1 8L4 4L7 8Z"
        onClick={[Function]}
        stroke="black"
      />
      <path
        d="M1 12L4 16L7 12Z"
        onClick={[Function]}
        stroke="black"
      />
    </svg>
  </span>,
  <span
    style={
      Object {
        "display": "inline-block",
        "position": "relative",
      }
    }
  >
    <input
      onBlur={[Function]}
      onChange={[Function]}
      onKeyDown={[Function]}
      placeholder="position"
      title="position"
      type="text"
      value=""
    />
    <svg
      style={
        Object {
          "position": "absolute",
          "right": 2,
          "width": 8,
        }
      }
      viewBox="0 0 8 24"
    >
      <path
        d="M1 8L4 4L7 8Z"
        onClick={[Function]}
        stroke="black"
      />
      <path
        d="M1 12L4 16L7 12Z"
        onClick={[Function]}
        stroke="black"
      />
    </svg>
  </span>,
]
`;
